// Jest Snapshot v1, https://goo.gl/fbAQLP

exports[`bin/cli.js --help returns expected output 1`] = `
"Usage: cli [options] <name>

creates a React Native library module for one or more platforms

Options:
  -V, --version                                               output the version number
  --prefix [prefix]                                           The prefix of the library module object to be exported by both JavaScript and native code (default: \\"\\")
  --module-name [moduleName]                                  The module library package name to be used in package.json. Default: react-native-(name in param-case)
  --module-prefix [modulePrefix]                              The prefix of the library module object, ignored if --module-name is specified (default: \\"react-native\\")
  --package-identifier [packageIdentifier]                    [Android] The Java package identifier used by the Android module (default: \\"com.reactlibrary\\")
  --platforms <platforms>                                     Platforms the library module will be created for - comma separated (default: \\"ios,android\\")
  --tvos-enabled                                              Generate the module with tvOS build enabled (requires react-native-tvos fork, with minimum version of 0.60, and iOS platform to be enabled)
  --github-account [githubAccount]                            The github account where the library module is hosted (default: \\"github_account\\")
  --author-name [authorName]                                  The author's name (default: \\"Your Name\\")
  --author-email [authorEmail]                                The author's email (default: \\"yourname@email.com\\")
  --license [license]                                         The license type (default: \\"MIT\\")
  --view                                                      Generate the module as a very simple native view component
  --use-apple-networking                                      [iOS] Use \`AFNetworking\` dependency as a sample in the podspec & use it from the iOS code
  --generate-example                                          Generate an example project and links the library module to it, requires both react-native-cli and yarn to be installed globally
  --example-with-file-link                                    DEPRECATED: do \`yarn add file:../'\` instead of \`yarn add link:../\` in a generated example project, and add a postinstall script
  --example-name [exampleName]                                Name for the example project (default: \\"example\\")
  --example-react-native-version [exampleReactNativeVersion]  React Native version for the generated example project (default: \\"react-native@latest\\")
  --write-example-podfile                                     [iOS] EXPERIMENTAL FEATURE NOT SUPPORTED: write (or overwrite) example ios/Podfile
  -h, --help                                                  display help for command"
`;
