// Jest Snapshot v1, https://goo.gl/fbAQLP

exports[`mocked cli-program.js shows help in case of missing args 1`] = `
Array [
  Object {
    "please-upgrade-node": Object {
      "engines": Object {
        "node": ">= 8",
      },
      "name": "create-react-native-module",
    },
  },
  Object {
    "notify": Object {},
  },
  Object {
    "version": "x",
  },
  Object {
    "usage": "[options] <name>",
  },
  Object {
    "description": "creates a React Native library module for one or more platforms",
  },
  Object {
    "action": Object {},
  },
  Object {
    "option": Object {
      "args": Array [
        "--prefix [prefix]",
        "The prefix of the library module object to be exported by both JavaScript and native code",
        [Function],
        "",
      ],
    },
  },
  Object {
    "option": Object {
      "args": Array [
        "--module-name [moduleName]",
        "The module library package name to be used in package.json. Default: react-native-(name in param-case)",
        [Function],
        undefined,
      ],
    },
  },
  Object {
    "option": Object {
      "args": Array [
        "--module-prefix [modulePrefix]",
        "The prefix of the library module object, ignored if --module-name is specified",
        [Function],
        "react-native",
      ],
    },
  },
  Object {
    "option": Object {
      "args": Array [
        "--package-identifier [packageIdentifier]",
        "[Android] The Java package identifier used by the Android module",
        [Function],
        "com.reactlibrary",
      ],
    },
  },
  Object {
    "option": Object {
      "args": Array [
        "--platforms <platforms>",
        "Platforms the library module will be created for - comma separated",
        [Function],
        "ios,android",
      ],
    },
  },
  Object {
    "option": Object {
      "args": Array [
        "--tvos-enabled",
        "Generate the module with tvOS build enabled (requires react-native-tvos fork, with minimum version of 0.60, and iOS platform to be enabled)",
        [Function],
        undefined,
      ],
    },
  },
  Object {
    "option": Object {
      "args": Array [
        "--github-account [githubAccount]",
        "The github account where the library module is hosted",
        [Function],
        "github_account",
      ],
    },
  },
  Object {
    "option": Object {
      "args": Array [
        "--author-name [authorName]",
        "The author's name",
        [Function],
        "Your Name",
      ],
    },
  },
  Object {
    "option": Object {
      "args": Array [
        "--author-email [authorEmail]",
        "The author's email",
        [Function],
        "yourname@email.com",
      ],
    },
  },
  Object {
    "option": Object {
      "args": Array [
        "--license [license]",
        "The license type",
        [Function],
        "MIT",
      ],
    },
  },
  Object {
    "option": Object {
      "args": Array [
        "--view",
        "Generate the module as a very simple native view component",
        [Function],
        undefined,
      ],
    },
  },
  Object {
    "option": Object {
      "args": Array [
        "--use-apple-networking",
        "[iOS] Use \`AFNetworking\` dependency as a sample in the podspec & use it from the iOS code",
        [Function],
        undefined,
      ],
    },
  },
  Object {
    "option": Object {
      "args": Array [
        "--generate-example",
        "Generate an example project and links the library module to it, requires both react-native-cli and yarn to be installed globally",
        [Function],
        undefined,
      ],
    },
  },
  Object {
    "option": Object {
      "args": Array [
        "--example-symlink-disabled",
        "DEPRECATED: do \`yarn add file:../'\` instead of \`yarn add link:../\` in a generated example project, and add a postinstall script",
        [Function],
        undefined,
      ],
    },
  },
  Object {
    "option": Object {
      "args": Array [
        "--example-name [exampleName]",
        "Name for the example project",
        [Function],
        "example",
      ],
    },
  },
  Object {
    "option": Object {
      "args": Array [
        "--example-react-native-version [exampleReactNativeVersion]",
        "React Native version for the generated example project",
        [Function],
        "react-native@latest",
      ],
    },
  },
  Object {
    "option": Object {
      "args": Array [
        "--write-example-podfile",
        "[iOS] EXPERIMENTAL FEATURE NOT SUPPORTED: write (or overwrite) example ios/Podfile",
        [Function],
        undefined,
      ],
    },
  },
  Object {
    "parse": Object {
      "argv": Array [
        "node",
        "./bin/cli.js",
        "--help",
      ],
    },
  },
]
`;
