// Jest Snapshot v1, https://goo.gl/fbAQLP

exports[`cli-command object 1`] = `
Object {
  "action": [Function],
  "description": "creates a React Native library module for one or more platforms",
  "name": "create-library",
  "options": Array [
    Object {
      "command": "--prefix [prefix]",
      "default": "",
      "description": "The prefix of the library module object to be exported by both JavaScript and native code",
    },
    Object {
      "command": "--module-name [moduleName]",
      "description": "The module library package name to be used in package.json. Default: react-native-(name in param-case)",
    },
    Object {
      "command": "--module-prefix [modulePrefix]",
      "default": "react-native",
      "description": "The prefix of the library module object, ignored if --module-name is specified",
    },
    Object {
      "command": "--package-identifier [packageIdentifier]",
      "default": "com.reactlibrary",
      "description": "[Android] The Java package identifier used by the Android module",
    },
    Object {
      "command": "--platforms <platforms>",
      "default": "ios,android",
      "description": "Platforms the library module will be created for - comma separated",
    },
    Object {
      "command": "--tvos-enabled",
      "description": "Generate the module with tvOS build enabled (requires react-native-tvos fork, with minimum version of 0.60, and iOS platform to be enabled)",
    },
    Object {
      "command": "--github-account [githubAccount]",
      "default": "github_account",
      "description": "The github account where the library module is hosted",
    },
    Object {
      "command": "--author-name [authorName]",
      "default": "Your Name",
      "description": "The author's name",
    },
    Object {
      "command": "--author-email [authorEmail]",
      "default": "yourname@email.com",
      "description": "The author's email",
    },
    Object {
      "command": "--license [license]",
      "default": "MIT",
      "description": "The license type",
    },
    Object {
      "command": "--view",
      "description": "Generate the module as a very simple native view component",
    },
    Object {
      "command": "--use-apple-networking",
      "description": "[iOS] Use \`AFNetworking\` dependency as a sample in the podspec & use it from the iOS code",
    },
    Object {
      "command": "--generate-example",
      "description": "Generate an example project and links the library module to it, requires both react-native-cli and yarn to be installed globally",
    },
    Object {
      "command": "--example-with-file-link",
      "description": "DEPRECATED: do \`yarn add file:../'\` instead of \`yarn add link:../\` in a generated example project, and add a postinstall script",
    },
    Object {
      "command": "--example-name [exampleName]",
      "default": "example",
      "description": "Name for the example project",
    },
    Object {
      "command": "--example-react-native-version [exampleReactNativeVersion]",
      "default": "react-native@latest",
      "description": "React Native version for the generated example project",
    },
    Object {
      "command": "--write-example-podfile",
      "description": "[iOS] EXPERIMENTAL FEATURE NOT SUPPORTED: write (or overwrite) example ios/Podfile",
    },
  ],
  "usage": "[options] <name>",
}
`;
